#-----------------------------------------------------------
# Vivado v2023.1 (64-bit)
# SW Build 3865809 on Sun May  7 15:05:29 MDT 2023
# IP Build 3864474 on Sun May  7 20:36:21 MDT 2023
# SharedData Build 3865790 on Sun May 07 13:33:03 MDT 2023
# Start of session at: Sun Aug 27 21:48:00 2023
# Process ID: 27440
# Current directory: C:/Xilinx/workspace/sobel3weightedadd/sobel3weightedadd.runs/sobel_design_processing_system7_0_0_synth_1
# Command line: vivado.exe -log sobel_design_processing_system7_0_0.vds -product Vivado -mode batch -messageDb vivado.pb -notrace -source sobel_design_processing_system7_0_0.tcl
# Log file: C:/Xilinx/workspace/sobel3weightedadd/sobel3weightedadd.runs/sobel_design_processing_system7_0_0_synth_1/sobel_design_processing_system7_0_0.vds
# Journal file: C:/Xilinx/workspace/sobel3weightedadd/sobel3weightedadd.runs/sobel_design_processing_system7_0_0_synth_1\vivado.jou
# Running On: Kamal-PC, OS: Windows, CPU Frequency: 2808 MHz, CPU Physical cores: 4, Host memory: 34226 MB
#-----------------------------------------------------------
source sobel_design_processing_system7_0_0.tcl -notrace
