#-----------------------------------------------------------
# Vivado v2023.1 (64-bit)
# SW Build 3865809 on Sun May  7 15:05:29 MDT 2023
# IP Build 3864474 on Sun May  7 20:36:21 MDT 2023
# SharedData Build 3865790 on Sun May 07 13:33:03 MDT 2023
# Start of session at: Sun Sep 24 16:40:16 2023
# Process ID: 28444
# Current directory: C:/Xilinx/workspace/modefilter/modefilter.runs/modefilter_design_axis_dwidth_converter_1_0_synth_1
# Command line: vivado.exe -log modefilter_design_axis_dwidth_converter_1_0.vds -product Vivado -mode batch -messageDb vivado.pb -notrace -source modefilter_design_axis_dwidth_converter_1_0.tcl
# Log file: C:/Xilinx/workspace/modefilter/modefilter.runs/modefilter_design_axis_dwidth_converter_1_0_synth_1/modefilter_design_axis_dwidth_converter_1_0.vds
# Journal file: C:/Xilinx/workspace/modefilter/modefilter.runs/modefilter_design_axis_dwidth_converter_1_0_synth_1\vivado.jou
# Running On: Kamal-PC, OS: Windows, CPU Frequency: 2808 MHz, CPU Physical cores: 4, Host memory: 34226 MB
#-----------------------------------------------------------
source modefilter_design_axis_dwidth_converter_1_0.tcl -notrace
