#-----------------------------------------------------------
# Vivado v2023.1 (64-bit)
# SW Build 3865809 on Sun May  7 15:05:29 MDT 2023
# IP Build 3864474 on Sun May  7 20:36:21 MDT 2023
# SharedData Build 3865790 on Sun May 07 13:33:03 MDT 2023
# Start of session at: Mon Sep 18 11:48:37 2023
# Process ID: 30408
# Current directory: C:/Xilinx/workspace/bilateral/bilateral.runs/bilateral_design_axis_dwidth_converter_0_0_synth_1
# Command line: vivado.exe -log bilateral_design_axis_dwidth_converter_0_0.vds -product Vivado -mode batch -messageDb vivado.pb -notrace -source bilateral_design_axis_dwidth_converter_0_0.tcl
# Log file: C:/Xilinx/workspace/bilateral/bilateral.runs/bilateral_design_axis_dwidth_converter_0_0_synth_1/bilateral_design_axis_dwidth_converter_0_0.vds
# Journal file: C:/Xilinx/workspace/bilateral/bilateral.runs/bilateral_design_axis_dwidth_converter_0_0_synth_1\vivado.jou
# Running On: Kamal-PC, OS: Windows, CPU Frequency: 2808 MHz, CPU Physical cores: 4, Host memory: 34226 MB
#-----------------------------------------------------------
source bilateral_design_axis_dwidth_converter_0_0.tcl -notrace
